
> web@0.1.0 build
> next build

Γû▓ Next.js 16.1.6 (Turbopack)
- Environments: .env.local

node.exe : ΓÜá The "middleware" file convention is deprecated. Please use "proxy" instead. Learn 
more: https://nextjs.org/docs/messages/middleware-to-proxy
At E:\Gaari files\npm.ps1:29 char:3
+   & $NODE_EXE $NPM_CLI_JS $args
+   ~~~~~~~~~~~~~~~~~~~~~~~~~~~~~
    + CategoryInfo          : NotSpecified: (ΓÜá The "middle...leware-to-proxy:String) [], RemoteEx 
   ception
    + FullyQualifiedErrorId : NativeCommandError
 
  Creating an optimized production build ...

> Build error occurred
Error: Turbopack build failed with 1 errors:
./src/app/[locale]/portal/products/[id]/ProductForm.tsx:4:1
Module not found: Can't resolve '../actions'
[0m [90m 2 |[39m
 [90m 3 |[39m [36mimport[39m { useState } [36mfrom[39m [32m"react"[39m[33m;[39m
[31m[1m>[22m[39m[90m 4 |[39m [36mimport[39m { saveProduct } [36mfrom[39m 
[32m"../actions"[39m[33m;[39m
 [90m   |[39m [31m[1m^[22m[39m[31m[1m^[22m[39m[31m[1m^[22m[39m[31m[1m^[22m[39m[31
m[1m^[22m[39m[31m[1m^[22m[39m[31m[1m^[22m[39m[31m[1m^[22m[39m[31m[1m^[22m[39m[31
m[1m^[22m[39m[31m[1m^[22m[39m[31m[1m^[22m[39m[31m[1m^[22m[39m[31m[1m^[22m[39m[31
m[1m^[22m[39m[31m[1m^[22m[39m[31m[1m^[22m[39m[31m[1m^[22m[39m[31m[1m^[22m[39m[31
m[1m^[22m[39m[31m[1m^[22m[39m[31m[1m^[22m[39m[31m[1m^[22m[39m[31m[1m^[22m[39m[31
m[1m^[22m[39m[31m[1m^[22m[39m[31m[1m^[22m[39m[31m[1m^[22m[39m[31m[1m^[22m[39m[31
m[1m^[22m[39m[31m[1m^[22m[39m[31m[1m^[22m[39m[31m[1m^[22m[39m[31m[1m^[22m[39m[31
m[1m^[22m[39m[31m[1m^[22m[39m[31m[1m^[22m[39m[31m[1m^[22m[39m[31m[1m^[22m[39m[31
m[1m^[22m[39m[31m[1m^[22m[39m
 [90m 5 |[39m [36mimport[39m { useRouter } [36mfrom[39m [32m"next/navigation"[39m[33m;[39m
 [90m 6 |[39m [36mimport[39m { [33mButton[39m } [36mfrom[39m 
[32m"@/components/ui/button"[39m[33m;[39m
 [90m 7 |[39m [36mimport[39m { [33mInput[39m } [36mfrom[39m 
[32m"@/components/ui/input"[39m[33m;[39m[0m



Import trace:
  Server Component:
    ./src/app/[locale]/portal/products/[id]/ProductForm.tsx
    ./src/app/[locale]/portal/products/[id]/page.tsx

https://nextjs.org/docs/messages/module-not-found


    at <unknown> (./src/app/[locale]/portal/products/[id]/ProductForm.tsx:4:1)
    at <unknown> (https://nextjs.org/docs/messages/module-not-found)
